// Jest Snapshot v1, https://goo.gl/fbAQLP

exports[`GenerationSelect Component renders correctly 1`] = `
<View
  style={
    Array [
      Object {
        "marginBottom": 8,
        "marginLeft": 8,
        "marginRight": 8,
        "marginTop": 0,
      },
    ]
  }
>
  <Text
    style={
      Array [
        Object {
          "color": "#050505",
          "fontFamily": "Roboto",
          "fontSize": 12,
          "marginBottom": 2,
          "textAlign": "center",
        },
      ]
    }
  >
    Generations
  </Text>
  <View
    style={
      Array [
        Object {
          "flexDirection": "row",
          "flexWrap": "wrap",
          "justifyContent": "space-between",
          "paddingRight": 8,
        },
      ]
    }
  />
</View>
`;
