// Jest Snapshot v1, https://goo.gl/fbAQLP

exports[`SearchBar Component renders correctly 1`] = `
<View
  style={
    Array [
      Object {
        "flexDirection": "row",
        "height": 48,
        "marginBottom": 4,
        "marginLeft": 0,
        "marginRight": 0,
        "marginTop": 4,
        "paddingBottom": 4,
        "paddingLeft": 8,
        "paddingRight": 8,
        "paddingTop": 4,
      },
    ]
  }
>
  <TextInput
    allowFontScaling={true}
    placeholder="Pokemon name or number"
    rejectResponderTermination={true}
    style={
      Array [
        Object {
          "backgroundColor": "white",
          "borderColor": "#050505",
          "borderRadius": 200,
          "borderWidth": 1,
          "elevation": 3,
          "flexGrow": 1,
          "paddingBottom": 8,
          "paddingLeft": 12,
          "paddingRight": 12,
          "paddingTop": 8,
        },
      ]
    }
    underlineColorAndroid="transparent"
    value=""
  />
  <View
    accessible={true}
    focusable={true}
    onClick={[Function]}
    onResponderGrant={[Function]}
    onResponderMove={[Function]}
    onResponderRelease={[Function]}
    onResponderTerminate={[Function]}
    onResponderTerminationRequest={[Function]}
    onStartShouldSetResponder={[Function]}
    style={
      Object {
        "alignItems": "center",
        "backgroundColor": "#D50000",
        "borderColor": "#050505",
        "borderRadius": 200,
        "borderWidth": 1,
        "elevation": 3,
        "height": 40,
        "justifyContent": "center",
        "marginBottom": 0,
        "marginLeft": 8,
        "opacity": 1,
        "width": 40,
      }
    }
  >
    <Image
      source={
        Object {
          "testUri": "../../../src/assets/images/icons/search.png",
        }
      }
      style={
        Array [
          Object {
            "height": 16,
            "resizeMode": "cover",
            "width": 16,
          },
        ]
      }
    />
  </View>
</View>
`;
